Name,"DNS A","DNS PTR",Monitoring
host.example.com,OK,"missing â€¦",OK
